// Jest Snapshot v1, https://goo.gl/fbAQLP

exports[`Navbar component renders the complete page 1`] = `
<nav
  className="NavbarItems"
>
  <div
    className="meun-icon"
  />
  <ul
    className="ul-nav"
  >
    <li
      className="li-nav-logo"
    >
      <Link
        className="logo"
        to="/"
      >
        Daily Gratitude
      </Link>
    </li>
    <li
      className="li-nav"
    >
      <NavLink
        className="navLinks"
        to="/register"
      >
        Register
      </NavLink>
    </li>
    <li
      className="li-nav"
    >
      <NavLink
        className="navLinks"
        to="/login"
      >
        Login
      </NavLink>
    </li>
  </ul>
</nav>
`;
