// Jest Snapshot v1, https://goo.gl/fbAQLP

exports[`Navbar component renders the complete page 1`] = `
<nav
  className="navbar"
>
  <Link
    className="logo"
    to="/"
  >
    <img
      alt="Daily Gratitude"
      className="logo-image"
      src="/logo.svg"
    />
  </Link>
  <ul
    className="hamburger"
  >
    <li
      className="line"
    />
    <li
      className="line"
    />
    <li
      className="line"
    />
  </ul>
  <ul
    className="nav"
  >
    <li
      className="nav-item"
    >
      <NavLink
        to="/register"
      >
        Register
      </NavLink>
    </li>
    <li
      className="nav-item"
    >
      <NavLink
        to="/login"
      >
        Login
      </NavLink>
    </li>
  </ul>
</nav>
`;
