// Jest Snapshot v1, https://goo.gl/fbAQLP

exports[`Dashboard component renders the complete page 1`] = `
<Fragment>
  <h1>
    Welcome
  </h1>
  <section>
    <h5
      className="start"
    >
      Start your gratitude journal today!
    </h5>
  </section>
  <section
    className="section-dashboard"
  >
    <div
      className="button-container-add-new"
    >
      <Link
        to="/new-day"
      >
        <button
          className="button-add-new-entry"
        >
          Add Your First Entry
        </button>
      </Link>
    </div>
  </section>
</Fragment>
`;
